Range reuse evidence: /home/elf/dev/gpu/target/graphics-scene/range-reuse-0efi1aoq
    Finished `release` profile [optimized] target(s) in 0.12s
..
----------------------------------------------------------------------
Ran 2 tests in 0.151s

OK
257x193-1-single-1-reset: matched outputs, budgets and native reset/replay PASS
257x193-1-single-1-replay: matched outputs, budgets and native reset/replay PASS
257x193-1-single-2-reset: matched outputs, budgets and native reset/replay PASS
257x193-1-single-2-replay: matched outputs, budgets and native reset/replay PASS
257x193-64-single-1-reset: matched outputs, budgets and native reset/replay PASS
257x193-64-single-1-replay: matched outputs, budgets and native reset/replay PASS
257x193-64-single-2-reset: matched outputs, budgets and native reset/replay PASS
257x193-64-single-2-replay: matched outputs, budgets and native reset/replay PASS
257x193-512-single-1-reset: matched outputs, budgets and native reset/replay PASS
257x193-512-single-1-replay: matched outputs, budgets and native reset/replay PASS
257x193-512-single-2-reset: matched outputs, budgets and native reset/replay PASS
257x193-512-single-2-replay: matched outputs, budgets and native reset/replay PASS
1280x720-1-single-1-reset: matched outputs, budgets and native reset/replay PASS
1280x720-1-single-1-replay: matched outputs, budgets and native reset/replay PASS
1280x720-1-single-2-reset: matched outputs, budgets and native reset/replay PASS
1280x720-1-single-2-replay: matched outputs, budgets and native reset/replay PASS
1280x720-64-single-1-reset: matched outputs, budgets and native reset/replay PASS
1280x720-64-single-1-replay: matched outputs, budgets and native reset/replay PASS
1280x720-64-single-2-reset: matched outputs, budgets and native reset/replay PASS
1280x720-64-single-2-replay: matched outputs, budgets and native reset/replay PASS
1280x720-512-single-1-reset: matched outputs, budgets and native reset/replay PASS
1280x720-512-single-1-replay: matched outputs, budgets and native reset/replay PASS
1280x720-512-single-2-reset: matched outputs, budgets and native reset/replay PASS
1280x720-512-single-2-replay: matched outputs, budgets and native reset/replay PASS
Range reuse PASS; timing remains open
