Range timing evidence: /home/elf/dev/gpu/target/graphics-scene/range-timing-13ltgd2s
    Finished `release` profile [optimized] target(s) in 0.03s
..
----------------------------------------------------------------------
Ran 2 tests in 0.003s

OK
257x193-1-single-1-reset round=0: measurements and final bytes PASS
257x193-1-multi-1-reset round=0: measurements and final bytes PASS
257x193-1-count-1-reset round=0: measurements and final bytes PASS
257x193-1-single-1-replay round=0: measurements and final bytes PASS
257x193-1-multi-1-replay round=0: measurements and final bytes PASS
257x193-1-count-1-replay round=0: measurements and final bytes PASS
257x193-1-single-2-reset round=0: measurements and final bytes PASS
257x193-1-multi-2-reset round=0: measurements and final bytes PASS
257x193-1-count-2-reset round=0: measurements and final bytes PASS
257x193-1-single-2-replay round=0: measurements and final bytes PASS
257x193-1-multi-2-replay round=0: measurements and final bytes PASS
257x193-1-count-2-replay round=0: measurements and final bytes PASS
257x193-64-single-1-reset round=0: measurements and final bytes PASS
257x193-64-multi-1-reset round=0: measurements and final bytes PASS
257x193-64-count-1-reset round=0: measurements and final bytes PASS
257x193-64-single-1-replay round=0: measurements and final bytes PASS
257x193-64-multi-1-replay round=0: measurements and final bytes PASS
257x193-64-count-1-replay round=0: measurements and final bytes PASS
257x193-64-single-2-reset round=0: measurements and final bytes PASS
257x193-64-multi-2-reset round=0: measurements and final bytes PASS
257x193-64-count-2-reset round=0: measurements and final bytes PASS
257x193-64-single-2-replay round=0: measurements and final bytes PASS
257x193-64-multi-2-replay round=0: measurements and final bytes PASS
257x193-64-count-2-replay round=0: measurements and final bytes PASS
257x193-512-single-1-reset round=0: measurements and final bytes PASS
257x193-512-multi-1-reset round=0: measurements and final bytes PASS
257x193-512-count-1-reset round=0: measurements and final bytes PASS
257x193-512-single-1-replay round=0: measurements and final bytes PASS
257x193-512-multi-1-replay round=0: measurements and final bytes PASS
257x193-512-count-1-replay round=0: measurements and final bytes PASS
257x193-512-single-2-reset round=0: measurements and final bytes PASS
257x193-512-multi-2-reset round=0: measurements and final bytes PASS
257x193-512-count-2-reset round=0: measurements and final bytes PASS
257x193-512-single-2-replay round=0: measurements and final bytes PASS
257x193-512-multi-2-replay round=0: measurements and final bytes PASS
257x193-512-count-2-replay round=0: measurements and final bytes PASS
1280x720-1-single-1-reset round=0: measurements and final bytes PASS
1280x720-1-multi-1-reset round=0: measurements and final bytes PASS
1280x720-1-count-1-reset round=0: measurements and final bytes PASS
1280x720-1-single-1-replay round=0: measurements and final bytes PASS
1280x720-1-multi-1-replay round=0: measurements and final bytes PASS
1280x720-1-count-1-replay round=0: measurements and final bytes PASS
1280x720-1-single-2-reset round=0: measurements and final bytes PASS
1280x720-1-multi-2-reset round=0: measurements and final bytes PASS
1280x720-1-count-2-reset round=0: measurements and final bytes PASS
1280x720-1-single-2-replay round=0: measurements and final bytes PASS
1280x720-1-multi-2-replay round=0: measurements and final bytes PASS
1280x720-1-count-2-replay round=0: measurements and final bytes PASS
1280x720-64-single-1-reset round=0: measurements and final bytes PASS
1280x720-64-multi-1-reset round=0: measurements and final bytes PASS
1280x720-64-count-1-reset round=0: measurements and final bytes PASS
1280x720-64-single-1-replay round=0: measurements and final bytes PASS
1280x720-64-multi-1-replay round=0: measurements and final bytes PASS
1280x720-64-count-1-replay round=0: measurements and final bytes PASS
1280x720-64-single-2-reset round=0: measurements and final bytes PASS
1280x720-64-multi-2-reset round=0: measurements and final bytes PASS
1280x720-64-count-2-reset round=0: measurements and final bytes PASS
1280x720-64-single-2-replay round=0: measurements and final bytes PASS
1280x720-64-multi-2-replay round=0: measurements and final bytes PASS
1280x720-64-count-2-replay round=0: measurements and final bytes PASS
1280x720-512-single-1-reset round=0: measurements and final bytes PASS
1280x720-512-multi-1-reset round=0: measurements and final bytes PASS
1280x720-512-count-1-reset round=0: measurements and final bytes PASS
1280x720-512-single-1-replay round=0: measurements and final bytes PASS
1280x720-512-multi-1-replay round=0: measurements and final bytes PASS
1280x720-512-count-1-replay round=0: measurements and final bytes PASS
1280x720-512-single-2-reset round=0: measurements and final bytes PASS
1280x720-512-multi-2-reset round=0: measurements and final bytes PASS
1280x720-512-count-2-reset round=0: measurements and final bytes PASS
1280x720-512-single-2-replay round=0: measurements and final bytes PASS
1280x720-512-multi-2-replay round=0: measurements and final bytes PASS
1280x720-512-count-2-replay round=0: measurements and final bytes PASS
257x193-1-multi-1-reset round=1: measurements and final bytes PASS
257x193-1-count-1-reset round=1: measurements and final bytes PASS
257x193-1-single-1-reset round=1: measurements and final bytes PASS
257x193-1-multi-1-replay round=1: measurements and final bytes PASS
257x193-1-count-1-replay round=1: measurements and final bytes PASS
257x193-1-single-1-replay round=1: measurements and final bytes PASS
257x193-1-multi-2-reset round=1: measurements and final bytes PASS
257x193-1-count-2-reset round=1: measurements and final bytes PASS
257x193-1-single-2-reset round=1: measurements and final bytes PASS
257x193-1-multi-2-replay round=1: measurements and final bytes PASS
257x193-1-count-2-replay round=1: measurements and final bytes PASS
257x193-1-single-2-replay round=1: measurements and final bytes PASS
257x193-64-multi-1-reset round=1: measurements and final bytes PASS
257x193-64-count-1-reset round=1: measurements and final bytes PASS
257x193-64-single-1-reset round=1: measurements and final bytes PASS
257x193-64-multi-1-replay round=1: measurements and final bytes PASS
257x193-64-count-1-replay round=1: measurements and final bytes PASS
257x193-64-single-1-replay round=1: measurements and final bytes PASS
257x193-64-multi-2-reset round=1: measurements and final bytes PASS
257x193-64-count-2-reset round=1: measurements and final bytes PASS
257x193-64-single-2-reset round=1: measurements and final bytes PASS
257x193-64-multi-2-replay round=1: measurements and final bytes PASS
257x193-64-count-2-replay round=1: measurements and final bytes PASS
257x193-64-single-2-replay round=1: measurements and final bytes PASS
257x193-512-multi-1-reset round=1: measurements and final bytes PASS
257x193-512-count-1-reset round=1: measurements and final bytes PASS
257x193-512-single-1-reset round=1: measurements and final bytes PASS
257x193-512-multi-1-replay round=1: measurements and final bytes PASS
257x193-512-count-1-replay round=1: measurements and final bytes PASS
257x193-512-single-1-replay round=1: measurements and final bytes PASS
257x193-512-multi-2-reset round=1: measurements and final bytes PASS
257x193-512-count-2-reset round=1: measurements and final bytes PASS
257x193-512-single-2-reset round=1: measurements and final bytes PASS
257x193-512-multi-2-replay round=1: measurements and final bytes PASS
257x193-512-count-2-replay round=1: measurements and final bytes PASS
257x193-512-single-2-replay round=1: measurements and final bytes PASS
1280x720-1-multi-1-reset round=1: measurements and final bytes PASS
1280x720-1-count-1-reset round=1: measurements and final bytes PASS
1280x720-1-single-1-reset round=1: measurements and final bytes PASS
1280x720-1-multi-1-replay round=1: measurements and final bytes PASS
1280x720-1-count-1-replay round=1: measurements and final bytes PASS
1280x720-1-single-1-replay round=1: measurements and final bytes PASS
1280x720-1-multi-2-reset round=1: measurements and final bytes PASS
1280x720-1-count-2-reset round=1: measurements and final bytes PASS
1280x720-1-single-2-reset round=1: measurements and final bytes PASS
1280x720-1-multi-2-replay round=1: measurements and final bytes PASS
1280x720-1-count-2-replay round=1: measurements and final bytes PASS
1280x720-1-single-2-replay round=1: measurements and final bytes PASS
1280x720-64-multi-1-reset round=1: measurements and final bytes PASS
1280x720-64-count-1-reset round=1: measurements and final bytes PASS
1280x720-64-single-1-reset round=1: measurements and final bytes PASS
1280x720-64-multi-1-replay round=1: measurements and final bytes PASS
1280x720-64-count-1-replay round=1: measurements and final bytes PASS
1280x720-64-single-1-replay round=1: measurements and final bytes PASS
1280x720-64-multi-2-reset round=1: measurements and final bytes PASS
1280x720-64-count-2-reset round=1: measurements and final bytes PASS
1280x720-64-single-2-reset round=1: measurements and final bytes PASS
1280x720-64-multi-2-replay round=1: measurements and final bytes PASS
1280x720-64-count-2-replay round=1: measurements and final bytes PASS
1280x720-64-single-2-replay round=1: measurements and final bytes PASS
1280x720-512-multi-1-reset round=1: measurements and final bytes PASS
1280x720-512-count-1-reset round=1: measurements and final bytes PASS
1280x720-512-single-1-reset round=1: measurements and final bytes PASS
1280x720-512-multi-1-replay round=1: measurements and final bytes PASS
1280x720-512-count-1-replay round=1: measurements and final bytes PASS
1280x720-512-single-1-replay round=1: measurements and final bytes PASS
1280x720-512-multi-2-reset round=1: measurements and final bytes PASS
1280x720-512-count-2-reset round=1: measurements and final bytes PASS
1280x720-512-single-2-reset round=1: measurements and final bytes PASS
1280x720-512-multi-2-replay round=1: measurements and final bytes PASS
1280x720-512-count-2-replay round=1: measurements and final bytes PASS
1280x720-512-single-2-replay round=1: measurements and final bytes PASS
257x193-1-count-1-reset round=2: measurements and final bytes PASS
257x193-1-single-1-reset round=2: measurements and final bytes PASS
257x193-1-multi-1-reset round=2: measurements and final bytes PASS
257x193-1-count-1-replay round=2: measurements and final bytes PASS
257x193-1-single-1-replay round=2: measurements and final bytes PASS
257x193-1-multi-1-replay round=2: measurements and final bytes PASS
257x193-1-count-2-reset round=2: measurements and final bytes PASS
257x193-1-single-2-reset round=2: measurements and final bytes PASS
257x193-1-multi-2-reset round=2: measurements and final bytes PASS
257x193-1-count-2-replay round=2: measurements and final bytes PASS
257x193-1-single-2-replay round=2: measurements and final bytes PASS
257x193-1-multi-2-replay round=2: measurements and final bytes PASS
257x193-64-count-1-reset round=2: measurements and final bytes PASS
257x193-64-single-1-reset round=2: measurements and final bytes PASS
257x193-64-multi-1-reset round=2: measurements and final bytes PASS
257x193-64-count-1-replay round=2: measurements and final bytes PASS
257x193-64-single-1-replay round=2: measurements and final bytes PASS
257x193-64-multi-1-replay round=2: measurements and final bytes PASS
257x193-64-count-2-reset round=2: measurements and final bytes PASS
257x193-64-single-2-reset round=2: measurements and final bytes PASS
257x193-64-multi-2-reset round=2: measurements and final bytes PASS
257x193-64-count-2-replay round=2: measurements and final bytes PASS
257x193-64-single-2-replay round=2: measurements and final bytes PASS
257x193-64-multi-2-replay round=2: measurements and final bytes PASS
257x193-512-count-1-reset round=2: measurements and final bytes PASS
257x193-512-single-1-reset round=2: measurements and final bytes PASS
257x193-512-multi-1-reset round=2: measurements and final bytes PASS
257x193-512-count-1-replay round=2: measurements and final bytes PASS
257x193-512-single-1-replay round=2: measurements and final bytes PASS
257x193-512-multi-1-replay round=2: measurements and final bytes PASS
257x193-512-count-2-reset round=2: measurements and final bytes PASS
257x193-512-single-2-reset round=2: measurements and final bytes PASS
257x193-512-multi-2-reset round=2: measurements and final bytes PASS
257x193-512-count-2-replay round=2: measurements and final bytes PASS
257x193-512-single-2-replay round=2: measurements and final bytes PASS
257x193-512-multi-2-replay round=2: measurements and final bytes PASS
1280x720-1-count-1-reset round=2: measurements and final bytes PASS
1280x720-1-single-1-reset round=2: measurements and final bytes PASS
1280x720-1-multi-1-reset round=2: measurements and final bytes PASS
1280x720-1-count-1-replay round=2: measurements and final bytes PASS
1280x720-1-single-1-replay round=2: measurements and final bytes PASS
1280x720-1-multi-1-replay round=2: measurements and final bytes PASS
1280x720-1-count-2-reset round=2: measurements and final bytes PASS
1280x720-1-single-2-reset round=2: measurements and final bytes PASS
1280x720-1-multi-2-reset round=2: measurements and final bytes PASS
1280x720-1-count-2-replay round=2: measurements and final bytes PASS
1280x720-1-single-2-replay round=2: measurements and final bytes PASS
1280x720-1-multi-2-replay round=2: measurements and final bytes PASS
1280x720-64-count-1-reset round=2: measurements and final bytes PASS
1280x720-64-single-1-reset round=2: measurements and final bytes PASS
1280x720-64-multi-1-reset round=2: measurements and final bytes PASS
1280x720-64-count-1-replay round=2: measurements and final bytes PASS
1280x720-64-single-1-replay round=2: measurements and final bytes PASS
1280x720-64-multi-1-replay round=2: measurements and final bytes PASS
1280x720-64-count-2-reset round=2: measurements and final bytes PASS
1280x720-64-single-2-reset round=2: measurements and final bytes PASS
1280x720-64-multi-2-reset round=2: measurements and final bytes PASS
1280x720-64-count-2-replay round=2: measurements and final bytes PASS
1280x720-64-single-2-replay round=2: measurements and final bytes PASS
1280x720-64-multi-2-replay round=2: measurements and final bytes PASS
1280x720-512-count-1-reset round=2: measurements and final bytes PASS
1280x720-512-single-1-reset round=2: measurements and final bytes PASS
1280x720-512-multi-1-reset round=2: measurements and final bytes PASS
1280x720-512-count-1-replay round=2: measurements and final bytes PASS
1280x720-512-single-1-replay round=2: measurements and final bytes PASS
1280x720-512-multi-1-replay round=2: measurements and final bytes PASS
1280x720-512-count-2-reset round=2: measurements and final bytes PASS
1280x720-512-single-2-reset round=2: measurements and final bytes PASS
1280x720-512-multi-2-reset round=2: measurements and final bytes PASS
1280x720-512-count-2-replay round=2: measurements and final bytes PASS
1280x720-512-single-2-replay round=2: measurements and final bytes PASS
1280x720-512-multi-2-replay round=2: measurements and final bytes PASS
Range timing COMPLETE; no general performance claim
