   Compiling unicode-ident v1.0.24
   Compiling glob v0.3.4
   Compiling regex-syntax v0.8.11
   Compiling minimal-lexical v0.2.1
   Compiling memchr v2.8.3
   Compiling either v1.18.0
   Compiling rustc-hash v2.1.3
   Compiling shlex v1.3.0
   Compiling log v0.4.34
   Compiling bitflags v2.13.1
   Compiling libc v0.2.189
   Compiling proc-macro2 v1.0.107
   Compiling itertools v0.13.0
   Compiling clang-sys v1.9.1
   Compiling quote v1.0.47
   Compiling nom v7.1.3
   Compiling bindgen v0.72.1
   Compiling syn v2.0.119
   Compiling regex-automata v0.4.18
   Compiling cexpr v0.6.0
   Compiling regex v1.13.1
   Compiling prettyplease v0.2.37
   Compiling xtask v0.1.0 (/tmp/ogpu-m7-BqXRZU/source/tools/xtask)
    Finished `dev` profile [unoptimized + debuginfo] target(s) in 9.06s
     Running `target/debug/xtask bindings --check`
Pinned Vulkan bindings reproduce exactly.
