   Compiling proc-macro2 v1.0.107
   Compiling glob v0.3.4
    Checking unicode-ident v1.0.24
    Checking cfg-if v1.0.4
   Compiling quote v1.0.47
   Compiling prettyplease v0.2.37
   Compiling libc v0.2.189
    Checking memchr v2.8.3
    Checking minimal-lexical v0.2.1
    Checking regex-syntax v0.8.11
    Checking either v1.18.0
   Compiling bindgen v0.72.1
    Checking rustc-hash v2.1.3
    Checking log v0.4.34
    Checking shlex v1.3.0
    Checking bitflags v2.13.1
    Checking ogpu-vulkan-sys v0.1.0 (/tmp/ogpu-m7-BqXRZU/source/crates/vulkan-sys)
    Checking libloading v0.8.9
    Checking itertools v0.13.0
   Compiling clang-sys v1.9.1
    Checking nom v7.1.3
    Checking regex-automata v0.4.18
    Checking cexpr v0.6.0
    Checking regex v1.13.1
    Checking ogpu v0.1.0 (/tmp/ogpu-m7-BqXRZU/source/crates/ogpu)
    Checking syn v2.0.119
    Checking xtask v0.1.0 (/tmp/ogpu-m7-BqXRZU/source/tools/xtask)
    Finished `dev` profile [unoptimized + debuginfo] target(s) in 8.21s
