Range reuse evidence: /home/elf/dev/gpu/target/graphics-scene/range-reuse-0rl_ky0t
    Finished `release` profile [optimized] target(s) in 0.01s
.
----------------------------------------------------------------------
Ran 1 test in 0.074s

OK
1-single-1-reset: matched outputs, budgets and native reset/replay PASS
1-single-1-replay: matched outputs, budgets and native reset/replay PASS
1-single-2-reset: matched outputs, budgets and native reset/replay PASS
1-single-2-replay: matched outputs, budgets and native reset/replay PASS
1-multi-1-reset: matched outputs, budgets and native reset/replay PASS
1-multi-1-replay: matched outputs, budgets and native reset/replay PASS
1-multi-2-reset: matched outputs, budgets and native reset/replay PASS
1-multi-2-replay: matched outputs, budgets and native reset/replay PASS
1-count-1-reset: matched outputs, budgets and native reset/replay PASS
1-count-1-replay: matched outputs, budgets and native reset/replay PASS
1-count-2-reset: matched outputs, budgets and native reset/replay PASS
1-count-2-replay: matched outputs, budgets and native reset/replay PASS
64-single-1-reset: matched outputs, budgets and native reset/replay PASS
64-single-1-replay: matched outputs, budgets and native reset/replay PASS
64-single-2-reset: matched outputs, budgets and native reset/replay PASS
64-single-2-replay: matched outputs, budgets and native reset/replay PASS
64-multi-1-reset: matched outputs, budgets and native reset/replay PASS
64-multi-1-replay: matched outputs, budgets and native reset/replay PASS
64-multi-2-reset: matched outputs, budgets and native reset/replay PASS
64-multi-2-replay: matched outputs, budgets and native reset/replay PASS
64-count-1-reset: matched outputs, budgets and native reset/replay PASS
64-count-1-replay: matched outputs, budgets and native reset/replay PASS
64-count-2-reset: matched outputs, budgets and native reset/replay PASS
64-count-2-replay: matched outputs, budgets and native reset/replay PASS
512-single-1-reset: matched outputs, budgets and native reset/replay PASS
512-single-1-replay: matched outputs, budgets and native reset/replay PASS
512-single-2-reset: matched outputs, budgets and native reset/replay PASS
512-single-2-replay: matched outputs, budgets and native reset/replay PASS
512-multi-1-reset: matched outputs, budgets and native reset/replay PASS
512-multi-1-replay: matched outputs, budgets and native reset/replay PASS
512-multi-2-reset: matched outputs, budgets and native reset/replay PASS
512-multi-2-replay: matched outputs, budgets and native reset/replay PASS
512-count-1-reset: matched outputs, budgets and native reset/replay PASS
512-count-1-replay: matched outputs, budgets and native reset/replay PASS
512-count-2-reset: matched outputs, budgets and native reset/replay PASS
512-count-2-replay: matched outputs, budgets and native reset/replay PASS
Range reuse PASS; timing remains open
